// Jest Snapshot v1, https://goo.gl/fbAQLP

exports[`BreakpointProvider matches snapshot 1`] = `null`;
