// Jest Snapshot v1, https://goo.gl/fbAQLP

exports[`MasterTemplate matches snapshot 1`] = `
<div
  className="root"
>
  <div>
    Test
  </div>
</div>
`;
